// Vitest Snapshot v1, https://vitest.dev/guide/snapshot.html

exports[`buildUserTools > 노출 도구 이름·kind 스냅샷 1`] = `
[
  "add_channel_message:write",
  "add_comment:write",
  "add_issue_dependency:write",
  "create_channel:write",
  "create_issue:write",
  "create_issue_from_mail:write",
  "create_wiki_page:write",
  "draft_issue_from_mail:read",
  "draft_mail_reply:read",
  "edit_comment:write",
  "get_channel_messages:read",
  "get_drive_file_summary:read",
  "get_event:read",
  "get_external_contact:read",
  "get_issue_detail:read",
  "get_mail:read",
  "get_mail_summary:read",
  "get_member:read",
  "get_member_contact:read",
  "get_project:read",
  "get_thread_replies:read",
  "get_wiki_backlinks:read",
  "get_wiki_page:read",
  "leave_channel:write",
  "list_channels:read",
  "list_contacts:read",
  "list_drive_items:read",
  "list_drive_spaces:read",
  "list_drive_trash:read",
  "list_events:read",
  "list_issues:read",
  "list_mail:read",
  "list_mail_accounts:read",
  "list_notifications:read",
  "list_projects:read",
  "list_wiki_pages:read",
  "list_wiki_spaces:read",
  "mark_all_notifications_read:write",
  "mark_notification_read:write",
  "move_wiki_page:write",
  "open_dm:write",
  "remove_issue_dependency:write",
  "restore_drive_item:write",
  "rsvp_event:write",
  "search_drive:read",
  "search_drive_content:read",
  "search_members:read",
  "search_wiki:read",
  "set_mail_needs_reply_done:write",
  "unwatch_issue:write",
  "update_issue:write",
  "update_project:write",
  "update_wiki_page:write",
  "watch_issue:write",
]
`;
